<?xml version="1.0" encoding="utf-8"?><testsuites><testsuite name="pytest" errors="0" failures="0" skipped="0" tests="68" time="1.684" timestamp="2025-11-23T18:32:54.557534+01:00" hostname="MacBook-Pro-tilhrende-Lars.local"><testcase classname="tests.test_api.TestHealthEndpoint" name="test_health_endpoint" time="0.058" /><testcase classname="tests.test_api.TestHealthEndpoint" name="test_root_endpoint" time="0.022" /><testcase classname="tests.test_api.TestTaskEndpoints" name="test_create_task" time="0.038" /><testcase classname="tests.test_api.TestTaskEndpoints" name="test_create_task_invalid_data" time="0.011" /><testcase classname="tests.test_api.TestTaskEndpoints" name="test_get_task" time="0.027" /><testcase classname="tests.test_api.TestTaskEndpoints" name="test_get_nonexistent_task" time="0.017" /><testcase classname="tests.test_api.TestTaskEndpoints" name="test_list_tasks" time="0.026" /><testcase classname="tests.test_api.TestTaskEndpoints" name="test_list_tasks_with_filter" time="0.018" /><testcase classname="tests.test_api.TestTaskEndpoints" name="test_list_tasks_with_limit" time="0.037" /><testcase classname="tests.test_api.TestTaskEndpoints" name="test_update_task" time="0.021" /><testcase classname="tests.test_api.TestTaskEndpoints" name="test_update_task_status_only" time="0.020" /><testcase classname="tests.test_api.TestTaskEndpoints" name="test_update_nonexistent_task" time="0.010" /><testcase classname="tests.test_api.TestTaskLifecycle" name="test_complete_task_lifecycle" time="0.039" /><testcase classname="tests.test_api.TestTaskLifecycle" name="test_task_error_flow" time="0.030" /><testcase classname="tests.test_cost_tracking.TestCostCalculation" name="test_calculate_cost_gemini_flash" time="0.001" /><testcase classname="tests.test_cost_tracking.TestCostCalculation" name="test_calculate_cost_large_document" time="0.000" /><testcase classname="tests.test_cost_tracking.TestCostCalculation" name="test_calculate_cost_zero_tokens" time="0.000" /><testcase classname="tests.test_cost_tracking.TestCostCalculation" name="test_calculate_cost_only_input" time="0.000" /><testcase classname="tests.test_cost_tracking.TestCostCalculation" name="test_calculate_cost_only_output" time="0.000" /><testcase classname="tests.test_cost_tracking.TestCostCalculation" name="test_calculate_cost_precision" time="0.000" /><testcase classname="tests.test_cost_tracking.TestCostCalculation" name="test_calculate_cost_unknown_model_uses_default" time="0.000" /><testcase classname="tests.test_cost_tracking.TestCostFieldPersistence" name="test_task_created_with_cost_fields_null" time="0.010" /><testcase classname="tests.test_cost_tracking.TestCostFieldPersistence" name="test_task_cost_fields_persistence" time="0.010" /><testcase classname="tests.test_cost_tracking.TestCostFieldPersistence" name="test_task_cost_update" time="0.010" /><testcase classname="tests.test_cost_tracking.TestCostAggregationEndpoints" name="test_cost_by_user_single_task" time="0.015" /><testcase classname="tests.test_cost_tracking.TestCostAggregationEndpoints" name="test_cost_by_user_multiple_tasks" time="0.014" /><testcase classname="tests.test_cost_tracking.TestCostAggregationEndpoints" name="test_cost_by_user_no_tasks" time="0.011" /><testcase classname="tests.test_cost_tracking.TestCostAggregationEndpoints" name="test_cost_by_user_ignores_null_costs" time="0.013" /><testcase classname="tests.test_cost_tracking.TestCostAggregationEndpoints" name="test_cost_summary_endpoint" time="0.024" /><testcase classname="tests.test_cost_tracking.TestCostAggregationEndpoints" name="test_cost_summary_empty_database" time="0.009" /><testcase classname="tests.test_cost_tracking.TestCostFieldsInTaskResponse" name="test_get_task_includes_cost_fields" time="0.020" /><testcase classname="tests.test_cost_tracking.TestCostFieldsInTaskResponse" name="test_list_tasks_includes_cost_fields" time="0.014" /><testcase classname="tests.test_cost_tracking.TestCostTrackingEndToEnd" name="test_complete_task_lifecycle_with_costs" time="0.018" /><testcase classname="tests.test_cost_tracking.TestCostTrackingEndToEnd" name="test_multiple_users_cost_isolation" time="0.015" /><testcase classname="tests.test_models.TestTaskModel" name="test_create_task" time="0.009" /><testcase classname="tests.test_models.TestTaskModel" name="test_task_with_output" time="0.009" /><testcase classname="tests.test_models.TestTaskModel" name="test_task_with_error" time="0.009" /><testcase classname="tests.test_models.TestTaskModel" name="test_query_task_by_id" time="0.010" /><testcase classname="tests.test_models.TestTaskModel" name="test_query_tasks_by_status" time="0.009" /><testcase classname="tests.test_models.TestTaskModel" name="test_update_task" time="0.010" /><testcase classname="tests.test_models.TestTaskModel" name="test_task_jsonb_fields" time="0.009" /><testcase classname="tests.test_schemas.TestTaskStatus" name="test_task_status_values" time="0.000" /><testcase classname="tests.test_schemas.TestTaskStatus" name="test_task_status_from_string" time="0.000" /><testcase classname="tests.test_schemas.TestTaskCreate" name="test_valid_task_create" time="0.000" /><testcase classname="tests.test_schemas.TestTaskCreate" name="test_task_create_missing_type" time="0.000" /><testcase classname="tests.test_schemas.TestTaskCreate" name="test_task_create_missing_input" time="0.000" /><testcase classname="tests.test_schemas.TestTaskCreate" name="test_task_create_complex_input" time="0.000" /><testcase classname="tests.test_schemas.TestTaskUpdate" name="test_valid_task_update_status" time="0.000" /><testcase classname="tests.test_schemas.TestTaskUpdate" name="test_valid_task_update_output" time="0.000" /><testcase classname="tests.test_schemas.TestTaskUpdate" name="test_valid_task_update_error" time="0.000" /><testcase classname="tests.test_schemas.TestTaskUpdate" name="test_task_update_all_fields" time="0.000" /><testcase classname="tests.test_schemas.TestTaskResponse" name="test_task_response_from_dict" time="0.000" /><testcase classname="tests.test_schemas.TestTaskResponse" name="test_task_response_with_output" time="0.000" /><testcase classname="tests.test_schemas.TestTaskStatusUpdate" name="test_task_status_update_creation" time="0.000" /><testcase classname="tests.test_schemas.TestTaskStatusUpdate" name="test_task_status_update_with_output" time="0.000" /><testcase classname="tests.test_websocket.TestWebSocketManager" name="test_manager_initialization" time="0.000" /><testcase classname="tests.test_websocket.TestWebSocketManager" name="test_broadcast_with_no_connections" time="0.001" /><testcase classname="tests.test_websocket.TestWebSocketEndpoint" name="test_websocket_connection" time="0.003" /><testcase classname="tests.test_websocket.TestWebSocketEndpoint" name="test_websocket_receives_task_updates" time="0.002" /><testcase classname="tests.test_websocket.TestWebSocketTaskBroadcast" name="test_task_creation_broadcasts" time="0.015" /><testcase classname="tests.test_websocket.TestWebSocketTaskBroadcast" name="test_task_update_broadcasts" time="0.065" /><testcase classname="tests.test_worker.TestWorkerNotification" name="test_notify_api_async_success" time="0.002" /><testcase classname="tests.test_worker.TestWorkerNotification" name="test_notify_api_async_with_output" time="0.001" /><testcase classname="tests.test_worker.TestWorkerNotification" name="test_notify_api_async_failure" time="0.001" /><testcase classname="tests.test_worker.TestTaskProcessing" name="test_process_task_success" time="0.064" /><testcase classname="tests.test_worker.TestTaskProcessing" name="test_process_task_execution_error" time="0.005" /><testcase classname="tests.test_worker.TestTaskProcessing" name="test_process_task_legacy_result" time="0.004" /><testcase classname="tests.test_worker.TestWorkerLoop" name="test_run_worker_one_loop" time="0.003" /></testsuite></testsuites>
